// Jest Snapshot v1, https://goo.gl/fbAQLP

exports[`Data Section matches snapshot 1`] = `
.c0.c0 {
  display: grid;
  grid-template-columns: repeat(12,1fr);
  -webkit-column-gap: 1rem;
  column-gap: 1rem;
  row-gap: 2rem;
  position: relative;
  margin: 0;
  padding: 0;
  margin-bottom: 6rem;
  background-color: none;
}

.c0.c0 > *,
.c0.c0 h3 {
  color: #e9eaec;
}

.c1.c1 {
  position: absolute;
  top: -80px;
}

.c2.c2 {
  grid-column: 1 / span 12;
}

.c3.c3 {
  display: -webkit-box;
  display: -webkit-flex;
  display: -ms-flexbox;
  display: flex;
  -webkit-flex-direction: column;
  -ms-flex-direction: column;
  flex-direction: column;
  max-height: 35rem;
  overflow: auto;
  gap: 1rem;
}

.c4.c4 {
  display: grid;
  gap: 1rem;
  grid-template-columns: 1fr 1fr;
  background-color: #303641;
  padding: 1.5rem;
}

<section
  className="c0"
  data-cy="unique-id-section"
  mode="darkTheme"
>
  <div
    className="c1"
    id="unique-id"
  />
  <div
    style={
      Object {
        "alignSelf": "end",
        "gridColumn": "1 / span 7",
      }
    }
  >
    <a
      href="#unique-id"
    >
      <h2>
        Data Products
      </h2>
    </a>
  </div>
  <div
    className="c2"
  >
    <p>
      Show data products from this instrument by specific campaigns or platforms.
    </p>
    <div
      className="c3"
    >
      <div
        className="c4"
        data-cy="data-product"
      >
        <div>
          <label
            data-cy="doi-label"
          >
            
          </label>
          <a
            data-cy="doi-link"
            href="http://dx.doi.org/"
            rel="noopener noreferrer"
            style={
              Object {
                "color": "#aac9ff",
              }
            }
            target="_blank"
          >
            
          </a>
        </div>
        <small
          data-cy="no-campaigns-label"
        >
          No Related Campaigns or Platforms
        </small>
      </div>
    </div>
  </div>
</section>
`;
