// Jest Snapshot v1, https://goo.gl/fbAQLP

exports[`Data Section matches snapshot 1`] = `
.c0.c0 {
  display: grid;
  grid-template-columns: repeat(12,1fr);
  -webkit-column-gap: 1rem;
  column-gap: 1rem;
  row-gap: 2rem;
  position: relative;
  margin: 0;
  padding: 0;
  margin-bottom: 6rem;
  background-color: none;
}

.c0.c0 > *,
.c0.c0 h3 {
  color: hsla(0,0%,100%,0.9);
}

.c1.c1 {
  position: absolute;
  top: -80px;
}

.c2.c2 {
  grid-column: 1 / span 12;
}

<section
  className="c0"
  data-cy="unique-id-section"
>
  <div
    className="c1"
    id="unique-id"
  />
  <div
    style={
      Object {
        "alignSelf": "end",
        "gridColumn": "1 / span 7",
      }
    }
  >
    <a
      href="#unique-id"
    >
      <h2>
        Data Products
      </h2>
    </a>
  </div>
  <div
    className="c2"
  >
    <div
      style={
        Object {
          "display": "grid",
          "gap": "1rem",
          "gridTemplateColumns": "repeat(auto-fit, minmax(18rem, 1fr))",
        }
      }
    >
      <div
        data-cy="data-product"
        style={
          Object {
            "backgroundColor": "#303641",
            "display": "flex",
            "flexDirection": "column",
            "gap": "0.5rem",
            "padding": "1.5rem",
          }
        }
      >
        <label
          data-cy="doi-label"
        >
          
        </label>
        <a
          data-cy="doi-link"
          href="http://dx.doi.org/"
          rel="noopener noreferrer"
          style={
            Object {
              "color": "#aac9ff",
            }
          }
          target="_blank"
        >
          
        </a>
        <label
          data-cy="no-campaigns-label"
        >
          No Related Campaigns or Platforms
        </label>
      </div>
    </div>
  </div>
</section>
`;
