// Jest Snapshot v1, https://goo.gl/fbAQLP

exports[`Overview Section displays content 1`] = `
<section
  className="section__Container-sc-1oozlr5-0 bgHpyv"
  data-cy="unique-id-section"
  mode="lightTheme"
>
  <div
    className="section__Buffer-sc-1oozlr5-1 kmpZfx"
    id="unique-id"
  />
  <span
    style={
      Object {
        "border": 0,
        "clip": "rect(0 0 0 0)",
        "height": "1px",
        "margin": "-1px",
        "overflow": "hidden",
        "padding": 0,
        "position": "absolute",
        "whiteSpace": "nowrap",
        "width": "1px",
        "wordWrap": "normal",
      }
    }
  >
    <div
      className="section-header___StyledDiv-sc-1i4pe2i-0 eOVtic"
      data-cy="unique-id-section-header"
    >
      <a
        href="#unique-id"
      >
        <h2>
          Overview
        </h2>
      </a>
    </div>
  </span>
  <div
    className="section__SectionContent-sc-1oozlr5-2 eQJqab"
    mode="lightTheme"
  >
    <h3>
      Instrument Details
    </h3>
    <section
      className="definition-list___StyledSection-sc-t6i6ug-1 bhfdir"
      data-cy="instrument-definition-list"
    >
      <dl
        className="definition-list__List-sc-t6i6ug-0 leDPDO"
      >
        <dt>
          <label
            className="definition-list___StyledLabel-sc-t6i6ug-2 hyghjv"
          >
            Measurement Type
          </label>
        </dt>
        <dd>
          test
        </dd>
        <dt>
          <label
            className="definition-list___StyledLabel-sc-t6i6ug-2 hyghjv"
          >
            Measurement/Variables
          </label>
        </dt>
        <dd>
          test, test, test, test, test
        </dd>
        <dt>
          <label
            className="definition-list___StyledLabel-sc-t6i6ug-2 hyghjv"
          >
            Vertical Measurement Regions
          </label>
        </dt>
        <dd>
          test, test2
        </dd>
        <dt>
          <label
            className="definition-list___StyledLabel-sc-t6i6ug-2 hyghjv"
          >
            Temporal Resolution
          </label>
        </dt>
        <dd>
          test
        </dd>
        <dt>
          <label
            className="definition-list___StyledLabel-sc-t6i6ug-2 hyghjv"
          >
            Spatial Resolution
          </label>
        </dt>
        <dd>
          test
        </dd>
        <dt>
          <label
            className="definition-list___StyledLabel-sc-t6i6ug-2 hyghjv"
          >
            Measurement Frequency
          </label>
        </dt>
        <dd>
          test
        </dd>
        <dt>
          <label
            className="definition-list___StyledLabel-sc-t6i6ug-2 hyghjv"
          >
            Calibration Details
          </label>
        </dt>
        <dd>
          <a
            className="external-link___StyledA-sc-3ezy1s-0 dBXCCx"
            data-cy="calibration-doi-link"
            href="http://dx.doi.org/10.5067/calibration"
            rel="noopener noreferrer"
            target="_blank"
          >
            <svg
              height="16"
              role="img"
              version="1.1"
              viewBox="0 0 16 16"
              width="16"
              xmlns="http://www.w3.org/2000/svg"
            >
              <title>
                External Link
              </title>
              <rect
                fill="none"
                height="16"
                width="16"
              />
              <path
                d="M3,5h4V3H1v12h12V9h-2v4H3V5z M16,8V0L8,0v2h4.587L6.294,8.294l1.413,1.413L14,3.413V8H16z"
                fill="#15418c"
              />
            </svg>
            <span
              className="external-link___StyledSpan-sc-3ezy1s-1 hiRjrK"
            >
              http://dx.doi.org/10.5067/calibration
            </span>
          </a>
        </dd>
        <dt>
          <label
            className="definition-list___StyledLabel-sc-t6i6ug-2 hyghjv"
          >
            Online Information
          </label>
        </dt>
        <dd>
          <ul
            className="overview-section___StyledUl3-sc-1oemh85-8 iVzFZY"
          >
            <li
              className="overview-section___StyledLi3-sc-1oemh85-9 gzAABJ"
            >
              <a
                className="external-link___StyledA-sc-3ezy1s-0 dBXCCx"
                data-cy="online-information-link"
                href="http://www.example.com"
                rel="noopener noreferrer"
                target="_blank"
              >
                <svg
                  height="16"
                  role="img"
                  version="1.1"
                  viewBox="0 0 16 16"
                  width="16"
                  xmlns="http://www.w3.org/2000/svg"
                >
                  <title>
                    External Link
                  </title>
                  <rect
                    fill="none"
                    height="16"
                    width="16"
                  />
                  <path
                    d="M3,5h4V3H1v12h12V9h-2v4H3V5z M16,8V0L8,0v2h4.587L6.294,8.294l1.413,1.413L14,3.413V8H16z"
                    fill="#15418c"
                  />
                </svg>
                <span
                  className="external-link___StyledSpan-sc-3ezy1s-1 hiRjrK"
                >
                  http://www.example.com
                </span>
              </a>
            </li>
          </ul>
        </dd>
      </dl>
    </section>
  </div>
  <div
    className="section__SectionContent-sc-1oozlr5-2 joIarM"
    mode="lightTheme"
  >
    <ul
      className="overview-section___StyledUl-sc-1oemh85-2 iZWDBi"
      data-cy="instrument-background"
    >
      <li
        className="overview-section___StyledLi-sc-1oemh85-0 igfznP"
        data-cy="lead-investigator-label"
      >
        <label
          className="overview-section___StyledLabel-sc-1oemh85-1 bhUByl"
        >
          Lead Investigator
        </label>
        <p>
          test
        </p>
      </li>
      <li
        className="overview-section___StyledLi-sc-1oemh85-0 igfznP"
        data-cy="technical-contact-label"
      >
        <label
          className="overview-section___StyledLabel-sc-1oemh85-1 bhUByl"
        >
          Technical Contact
        </label>
        <p>
          test
        </p>
      </li>
      <li
        className="overview-section___StyledLi-sc-1oemh85-0 igfznP"
        data-cy="instrument-manufacturer-label"
      >
        <label
          className="overview-section___StyledLabel-sc-1oemh85-1 bhUByl"
        >
          Instrument Maker
        </label>
        <p>
          test
        </p>
      </li>
      <li
        className="overview-section___StyledLi-sc-1oemh85-0 igfznP"
        data-cy="funding-source-label"
      >
        <label
          className="overview-section___StyledLabel-sc-1oemh85-1 bhUByl"
        >
          Funding Source
        </label>
        <p>
          test
        </p>
      </li>
      <div
        className="overview-section___StyledDiv-sc-1oemh85-3 fBScbm"
      >
        <p
          className="overview-section___StyledP-sc-1oemh85-4 cxxaFg"
        >
          DOI:
           
          <a
            className="external-link___StyledA-sc-3ezy1s-0 Nckfd"
            data-cy="instrument-doi-link"
            href="http://dx.doi.org/10.5067/instrument"
            rel="noopener noreferrer"
            target="_blank"
          >
            <svg
              height="16"
              role="img"
              version="1.1"
              viewBox="0 0 16 16"
              width="16"
              xmlns="http://www.w3.org/2000/svg"
            >
              <title>
                External Link
              </title>
              <rect
                fill="none"
                height="16"
                width="16"
              />
              <path
                d="M3,5h4V3H1v12h12V9h-2v4H3V5z M16,8V0L8,0v2h4.587L6.294,8.294l1.413,1.413L14,3.413V8H16z"
                fill="#aac9ff"
              />
            </svg>
            <span
              className="external-link___StyledSpan-sc-3ezy1s-1 hiRjrK"
            >
              http://dx.doi.org/10.5067/instrument
            </span>
          </a>
        </p>
      </div>
      <li
        className="overview-section___StyledLi-sc-1oemh85-0 igfznP"
        data-cy="data-locations-label"
      >
        <label
          className="overview-section___StyledLabel-sc-1oemh85-1 bhUByl"
        >
          Data Locations
        </label>
        <p>
          Currently unavailable
        </p>
      </li>
      <li
        className="overview-section___StyledLi2-sc-1oemh85-5 deWktU"
        data-cy="repositories-label"
      >
        <label
          className="overview-section___StyledLabel2-sc-1oemh85-6 hBGJxY"
        >
          Repositories
        </label>
        <ul
          className="overview-section___StyledUl2-sc-1oemh85-7 iA-Dlsl"
          data-cy="repository-list"
        >
          <li
            className="list-link___StyledLi-sc-xxtxki-0 hkMQGa"
          >
            <a
              className="external-link___StyledA-sc-3ezy1s-0 dBXCCx"
              data-cy="test-link"
              href="http://www.example.com"
              rel="noopener noreferrer"
              target="_blank"
            >
              <svg
                height="16"
                role="img"
                version="1.1"
                viewBox="0 0 16 16"
                width="16"
                xmlns="http://www.w3.org/2000/svg"
              >
                <title>
                  External Link
                </title>
                <rect
                  fill="none"
                  height="16"
                  width="16"
                />
                <path
                  d="M3,5h4V3H1v12h12V9h-2v4H3V5z M16,8V0L8,0v2h4.587L6.294,8.294l1.413,1.413L14,3.413V8H16z"
                  fill="#15418c"
                />
              </svg>
              <span
                className="external-link___StyledSpan-sc-3ezy1s-1 hiRjrK"
              >
                test
              </span>
            </a>
          </li>
          <li
            className="list-link___StyledLi-sc-xxtxki-0 hkMQGa"
          >
            <a
              className="external-link___StyledA-sc-3ezy1s-0 dBXCCx"
              data-cy="test2-link"
              href="http://www.example.com"
              rel="noopener noreferrer"
              target="_blank"
            >
              <svg
                height="16"
                role="img"
                version="1.1"
                viewBox="0 0 16 16"
                width="16"
                xmlns="http://www.w3.org/2000/svg"
              >
                <title>
                  External Link
                </title>
                <rect
                  fill="none"
                  height="16"
                  width="16"
                />
                <path
                  d="M3,5h4V3H1v12h12V9h-2v4H3V5z M16,8V0L8,0v2h4.587L6.294,8.294l1.413,1.413L14,3.413V8H16z"
                  fill="#15418c"
                />
              </svg>
              <span
                className="external-link___StyledSpan-sc-3ezy1s-1 hiRjrK"
              >
                test2
              </span>
            </a>
          </li>
        </ul>
      </li>
    </ul>
  </div>
</section>
`;
