// Jest Snapshot v1, https://goo.gl/fbAQLP

exports[`Focus Section displays content 1`] = `
.c0 {
  display: grid;
  grid-template-columns: repeat(12,1fr);
  -webkit-column-gap: 1rem;
  column-gap: 1rem;
  margin-top: 1rem;
  border-top: 10px solid transparent;
  position: relative;
  -webkit-background-clip: padding-box;
  -moz-background-clip: padding;
  background-clip: padding-box;
}

.c1 {
  grid-column: 1 / span 12;
  background-color: #303641;
}

<section
  className="c0"
  data-cy="focus-section"
  id="focus"
>
  <div
    style={
      Object {
        "alignSelf": "end",
        "gridColumn": "1 / span 7",
      }
    }
  >
    <a
      href="#focus"
    >
      <h2>
        Focus
      </h2>
    </a>
  </div>
  <div
    className="c1"
  >
    <div
      style={
        Object {
          "display": "grid",
          "flex": "2.618",
          "gap": "1.5rem",
          "gridTemplateColumns": "minmax(0,1fr) minmax(0,1fr) minmax(0,1fr)",
          "padding": "2rem",
        }
      }
    >
      <div
        data-cy="focus-content"
      >
        <label
          data-cy="focus-content-label"
          style={
            Object {
              "borderBottom": "1px solid #9E9E9E",
              "color": "#9E9E9E",
              "display": "block",
            }
          }
        >
          Focus Area
        </label>
        <div
          style={
            Object {
              "display": "grid",
              "gap": "1rem",
              "gridTemplateColumns": "repeat(6, 1fr)",
              "paddingTop": "1rem",
            }
          }
        />
      </div>
      <div
        data-cy="focus-content"
      >
        <label
          data-cy="focus-content-label"
          style={
            Object {
              "borderBottom": "1px solid #9E9E9E",
              "color": "#9E9E9E",
              "display": "block",
            }
          }
        >
          Geophysical Concept
        </label>
        <a
          data-cy="geophysical-concept"
          href="/explore/campaigns"
          state={
            Object {
              "selectedFilterId": "a",
            }
          }
        >
          area a
        </a>
      </div>
      <div
        data-cy="focus-content"
      >
        <label
          data-cy="focus-content-label"
          style={
            Object {
              "borderBottom": "1px solid #9E9E9E",
              "color": "#9E9E9E",
              "display": "block",
            }
          }
        >
          Focus Phenomena
        </label>
        <p
          data-cy="focus-content-text"
        >
          test string
        </p>
      </div>
    </div>
  </div>
</section>
`;
