// Jest Snapshot v1, https://goo.gl/fbAQLP

exports[`Platform Section displays content 1`] = `
.c0 {
  display: grid;
  grid-template-columns: repeat(12,1fr);
  -webkit-column-gap: 1rem;
  column-gap: 1rem;
  margin-top: 2rem;
  position: relative;
}

.c1 {
  position: absolute;
  top: -80px;
}

.c2 {
  grid-column: 1 / span 12;
}

<section
  className="c0"
  data-cy="platform-section"
>
  <div
    className="c1"
    id="platform"
  />
  <div
    style={
      Object {
        "alignSelf": "end",
        "gridColumn": "1 / span 7",
      }
    }
  >
    <a
      href="#platform"
    >
      <h2>
        Platforms & Instruments
      </h2>
    </a>
  </div>
  <div
    className="c2"
  >
    <div
      data-cy="platform-carousel"
    >
      <div
        data-test="mocked-nuka-carousel"
      >
        <div
          data-cy="platform"
        >
          <a
            href="/platform/d59b3d7e-f782-4e25-a8eb-ceec91c0331e"
          >
            <div
              style={
                Object {
                  "marginRight": "1rem",
                  "position": "relative",
                }
              }
            >
              <img
                alt="alt-text"
                fluid={[Function]}
                src="test-image.png"
              />
              <label
                data-cy="platform-image-caption"
                style={
                  Object {
                    "bottom": ".5rem",
                    "left": "1rem",
                    "maxWidth": "18rem",
                    "position": "absolute",
                    "textShadow": "1px 1px rgba(0,0,0,0.8)",
                  }
                }
              >
                Douglas DC-8
              </label>
            </div>
          </a>
          <div
            style={
              Object {
                "display": "flex",
                "flexWrap": "wrap",
              }
            }
          >
            <a
              href="/instrument/a1f41f4d-2233-49be-a3d3-6eda1ded6be4"
            >
              <div
                data-cy="instrument-chip"
                style={
                  Object {
                    "alignItems": "center",
                    "backgroundColor": "#303641",
                    "borderRadius": "0.2rem",
                    "color": "hsla(0,0%,100%,0.9)",
                    "display": "flex",
                    "margin": "0.25rem 0.5rem",
                    "padding": "0 0.5rem",
                  }
                }
              >
                <small>
                  Gen-Chemistry
                </small>
              </div>
            </a>
          </div>
        </div>
        <div
          data-cy="platform"
        >
          <a
            href="/platform/1b607095-4f6d-4e70-8e16-798bc59a2d59"
          >
            <div
              style={
                Object {
                  "marginRight": "1rem",
                  "position": "relative",
                }
              }
            >
              <img
                alt="alt-text"
                fluid={[Function]}
                src="test-image.png"
              />
              <label
                data-cy="platform-image-caption"
                style={
                  Object {
                    "bottom": ".5rem",
                    "left": "1rem",
                    "maxWidth": "18rem",
                    "position": "absolute",
                    "textShadow": "1px 1px rgba(0,0,0,0.8)",
                  }
                }
              >
                Beechcraft King Air B-200
              </label>
            </div>
          </a>
          <div
            style={
              Object {
                "display": "flex",
                "flexWrap": "wrap",
              }
            }
          >
            <a
              href="/instrument/aa6e3d99-17ca-4b4e-9130-c6e0b0864fd9"
            >
              <div
                data-cy="instrument-chip"
                style={
                  Object {
                    "alignItems": "center",
                    "backgroundColor": "#303641",
                    "borderRadius": "0.2rem",
                    "color": "hsla(0,0%,100%,0.9)",
                    "display": "flex",
                    "margin": "0.25rem 0.5rem",
                    "padding": "0 0.5rem",
                  }
                }
              >
                <small>
                  HSRL
                </small>
              </div>
            </a>
          </div>
        </div>
        <div
          data-cy="platform"
        >
          <a
            href="/platform/2084ab0c-4f18-4aa6-ad7b-70bc861d2d80"
          >
            <div
              style={
                Object {
                  "marginRight": "1rem",
                  "position": "relative",
                }
              }
            >
              <img
                alt="alt-text"
                fluid={[Function]}
                src="test-image.png"
              />
              <label
                data-cy="platform-image-caption"
                style={
                  Object {
                    "bottom": ".5rem",
                    "left": "1rem",
                    "maxWidth": "18rem",
                    "position": "absolute",
                    "textShadow": "1px 1px rgba(0,0,0,0.8)",
                  }
                }
              >
                P-3 Orion
              </label>
            </div>
          </a>
          <div
            style={
              Object {
                "display": "flex",
                "flexWrap": "wrap",
              }
            }
          >
            <a
              href="/instrument/a1f41f4d-2233-49be-a3d3-6eda1ded6be4"
            >
              <div
                data-cy="instrument-chip"
                style={
                  Object {
                    "alignItems": "center",
                    "backgroundColor": "#303641",
                    "borderRadius": "0.2rem",
                    "color": "hsla(0,0%,100%,0.9)",
                    "display": "flex",
                    "margin": "0.25rem 0.5rem",
                    "padding": "0 0.5rem",
                  }
                }
              >
                <small>
                  Gen-Chemistry
                </small>
              </div>
            </a>
          </div>
        </div>
      </div>
    </div>
  </div>
</section>
`;
