// Jest Snapshot v1, https://goo.gl/fbAQLP

exports[`Platform Section displays content 1`] = `
.c0 {
  display: grid;
  grid-template-columns: repeat(12,1fr);
  -webkit-column-gap: 1rem;
  column-gap: 1rem;
  margin-top: 5rem;
  border-top: 55px solid transparent;
  position: relative;
  -webkit-background-clip: padding-box;
  -moz-background-clip: padding;
  background-clip: padding-box;
}

.c1 {
  grid-column: 1 / span 12;
}

<section
  className="c0"
  data-cy="platform-section"
  id="platform"
>
  <div
    style={
      Object {
        "alignSelf": "end",
        "gridColumn": "1 / span 7",
      }
    }
  >
    <h2>
      Platforms & Instruments
    </h2>
  </div>
  <div
    className="c1"
  >
    <div
      data-cy="platform-carousel"
    >
      <div
        data-test="mocked-nuka-carousel"
      >
        <div
          data-cy="platform"
          style={
            Object {
              "minHeight": "360px",
            }
          }
        >
          <a
            href="/platform/d59b3d7e-f782-4e25-a8eb-ceec91c0331e"
          >
            <div
              style={
                Object {
                  "marginRight": "1rem",
                  "position": "relative",
                }
              }
            >
              <img />
              <label
                data-cy="platform-image-caption"
                style={
                  Object {
                    "bottom": ".5rem",
                    "color": "hsla(0,0%,100%,0.9)",
                    "fontWeight": "bold",
                    "left": "1rem",
                    "maxWidth": "18rem",
                    "position": "absolute",
                    "textShadow": "1px 1px rgba(0,0,0,0.8)",
                    "textTransform": "uppercase",
                  }
                }
              >
                Douglas DC-8
              </label>
            </div>
          </a>
          <div
            style={
              Object {
                "display": "flex",
                "flexWrap": "wrap",
              }
            }
          >
            <a
              href="/instrument/a1f41f4d-2233-49be-a3d3-6eda1ded6be4"
            >
              <div
                data-cy="instrument-chip"
                style={
                  Object {
                    "alignItems": "center",
                    "backgroundColor": "#303641",
                    "borderRadius": "0.2rem",
                    "color": "hsla(0,0%,100%,0.9)",
                    "display": "flex",
                    "margin": "0.25rem 0.5rem",
                    "padding": "0 0.5rem",
                  }
                }
              >
                <small>
                  Gen-Chemistry
                </small>
              </div>
            </a>
            <a
              href="/instrument/d5e31d80-a0d9-4d5b-95e1-e10714ec7970"
            >
              <div
                data-cy="instrument-chip"
                style={
                  Object {
                    "alignItems": "center",
                    "backgroundColor": "#303641",
                    "borderRadius": "0.2rem",
                    "color": "hsla(0,0%,100%,0.9)",
                    "display": "flex",
                    "margin": "0.25rem 0.5rem",
                    "padding": "0 0.5rem",
                  }
                }
              >
                <small>
                  DAWN
                </small>
              </div>
            </a>
            <a
              href="/instrument/c40cc568-c4eb-4605-a3bc-f9027ad538a6"
            >
              <div
                data-cy="instrument-chip"
                style={
                  Object {
                    "alignItems": "center",
                    "backgroundColor": "#303641",
                    "borderRadius": "0.2rem",
                    "color": "hsla(0,0%,100%,0.9)",
                    "display": "flex",
                    "margin": "0.25rem 0.5rem",
                    "padding": "0 0.5rem",
                  }
                }
              >
                <small>
                  PTR-MS
                </small>
              </div>
            </a>
            <a
              href="/instrument/f095abde-d0eb-4d00-b33b-549b37c28dca"
            >
              <div
                data-cy="instrument-chip"
                style={
                  Object {
                    "alignItems": "center",
                    "backgroundColor": "#303641",
                    "borderRadius": "0.2rem",
                    "color": "hsla(0,0%,100%,0.9)",
                    "display": "flex",
                    "margin": "0.25rem 0.5rem",
                    "padding": "0 0.5rem",
                  }
                }
              >
                <small>
                  CIT-CIMS
                </small>
              </div>
            </a>
            <a
              href="/instrument/fdec9678-fd19-48b9-a30f-b0c2d8503c82"
            >
              <div
                data-cy="instrument-chip"
                style={
                  Object {
                    "alignItems": "center",
                    "backgroundColor": "#303641",
                    "borderRadius": "0.2rem",
                    "color": "hsla(0,0%,100%,0.9)",
                    "display": "flex",
                    "margin": "0.25rem 0.5rem",
                    "padding": "0 0.5rem",
                  }
                }
              >
                <small>
                  AVOCET
                </small>
              </div>
            </a>
            <a
              href="/instrument/eaabd936-b6ae-4136-b160-90ef5f629da4"
            >
              <div
                data-cy="instrument-chip"
                style={
                  Object {
                    "alignItems": "center",
                    "backgroundColor": "#303641",
                    "borderRadius": "0.2rem",
                    "color": "hsla(0,0%,100%,0.9)",
                    "display": "flex",
                    "margin": "0.25rem 0.5rem",
                    "padding": "0 0.5rem",
                  }
                }
              >
                <small>
                  Nephelometer
                </small>
              </div>
            </a>
          </div>
        </div>
        <div
          data-cy="platform"
          style={
            Object {
              "minHeight": "360px",
            }
          }
        >
          <a
            href="/platform/1b607095-4f6d-4e70-8e16-798bc59a2d59"
          >
            <div
              style={
                Object {
                  "marginRight": "1rem",
                  "position": "relative",
                }
              }
            >
              <img />
              <label
                data-cy="platform-image-caption"
                style={
                  Object {
                    "bottom": ".5rem",
                    "color": "hsla(0,0%,100%,0.9)",
                    "fontWeight": "bold",
                    "left": "1rem",
                    "maxWidth": "18rem",
                    "position": "absolute",
                    "textShadow": "1px 1px rgba(0,0,0,0.8)",
                    "textTransform": "uppercase",
                  }
                }
              >
                Beechcraft King Air B-200
              </label>
            </div>
          </a>
          <div
            style={
              Object {
                "display": "flex",
                "flexWrap": "wrap",
              }
            }
          >
            <a
              href="/instrument/aa6e3d99-17ca-4b4e-9130-c6e0b0864fd9"
            >
              <div
                data-cy="instrument-chip"
                style={
                  Object {
                    "alignItems": "center",
                    "backgroundColor": "#303641",
                    "borderRadius": "0.2rem",
                    "color": "hsla(0,0%,100%,0.9)",
                    "display": "flex",
                    "margin": "0.25rem 0.5rem",
                    "padding": "0 0.5rem",
                  }
                }
              >
                <small>
                  HSRL
                </small>
              </div>
            </a>
            <a
              href="/instrument/7c2a6034-9983-4308-a81b-e9fd538c3dd3"
            >
              <div
                data-cy="instrument-chip"
                style={
                  Object {
                    "alignItems": "center",
                    "backgroundColor": "#303641",
                    "borderRadius": "0.2rem",
                    "color": "hsla(0,0%,100%,0.9)",
                    "display": "flex",
                    "margin": "0.25rem 0.5rem",
                    "padding": "0 0.5rem",
                  }
                }
              >
                <small>
                  RSP
                </small>
              </div>
            </a>
          </div>
        </div>
        <div
          data-cy="platform"
          style={
            Object {
              "minHeight": "360px",
            }
          }
        >
          <a
            href="/platform/2084ab0c-4f18-4aa6-ad7b-70bc861d2d80"
          >
            <div
              style={
                Object {
                  "marginRight": "1rem",
                  "position": "relative",
                }
              }
            >
              <img />
              <label
                data-cy="platform-image-caption"
                style={
                  Object {
                    "bottom": ".5rem",
                    "color": "hsla(0,0%,100%,0.9)",
                    "fontWeight": "bold",
                    "left": "1rem",
                    "maxWidth": "18rem",
                    "position": "absolute",
                    "textShadow": "1px 1px rgba(0,0,0,0.8)",
                    "textTransform": "uppercase",
                  }
                }
              >
                P-3 Orion
              </label>
            </div>
          </a>
          <div
            style={
              Object {
                "display": "flex",
                "flexWrap": "wrap",
              }
            }
          >
            <a
              href="/instrument/a1f41f4d-2233-49be-a3d3-6eda1ded6be4"
            >
              <div
                data-cy="instrument-chip"
                style={
                  Object {
                    "alignItems": "center",
                    "backgroundColor": "#303641",
                    "borderRadius": "0.2rem",
                    "color": "hsla(0,0%,100%,0.9)",
                    "display": "flex",
                    "margin": "0.25rem 0.5rem",
                    "padding": "0 0.5rem",
                  }
                }
              >
                <small>
                  Gen-Chemistry
                </small>
              </div>
            </a>
            <a
              href="/instrument/edf760b9-d2b4-4ce5-8524-31268e6532fc"
            >
              <div
                data-cy="instrument-chip"
                style={
                  Object {
                    "alignItems": "center",
                    "backgroundColor": "#303641",
                    "borderRadius": "0.2rem",
                    "color": "hsla(0,0%,100%,0.9)",
                    "display": "flex",
                    "margin": "0.25rem 0.5rem",
                    "padding": "0 0.5rem",
                  }
                }
              >
                <small>
                  PSAP
                </small>
              </div>
            </a>
            <a
              href="/instrument/3e5c6687-3a1c-40f5-95ed-49eb3248aea7"
            >
              <div
                data-cy="instrument-chip"
                style={
                  Object {
                    "alignItems": "center",
                    "backgroundColor": "#303641",
                    "borderRadius": "0.2rem",
                    "color": "hsla(0,0%,100%,0.9)",
                    "display": "flex",
                    "margin": "0.25rem 0.5rem",
                    "padding": "0 0.5rem",
                  }
                }
              >
                <small>
                  TE49C
                </small>
              </div>
            </a>
          </div>
        </div>
      </div>
    </div>
  </div>
</section>
`;
