// Jest Snapshot v1, https://goo.gl/fbAQLP

exports[`Chip renders with action 1`] = `
<div
  className="chip___StyledDiv-sc-4ga8fx-0 gfwMNl"
  data-cy="filter-chip"
>
  <small
    title=""
  >
    Weather
  </small>
  <button
    className="button__Clickable-sc-1yw7vig-0 button___StyledClickable2-sc-1yw7vig-1 fuGm gyOxkm"
    data-cy="remove-filter"
    onClick={[Function]}
    type="button"
  >
    <span
      aria-label="remove-filter-icon"
      role="img"
    >
      <svg
        height="12px"
        viewBox="0 0 16 16"
        width="12px"
        xmlns="http://www.w3.org/2000/svg"
      >
        <polygon
          fill="#e9eaec"
          points="13.707,3.707 12.293,2.293 8,6.586 3.707,2.293 2.293,3.707 6.586,8 2.293,12.293 3.707,13.707 8,9.414  12.293,13.707 13.707,12.293 9.414,8"
        />
      </svg>
    </span>
  </button>
</div>
`;

exports[`Chip renders without action 1`] = `
<div
  className="chip___StyledDiv-sc-4ga8fx-0 gfwMNl"
  data-cy="filter-chip"
>
  <small
    title=""
  >
    Weather
  </small>
</div>
`;
