// Jest Snapshot v1, https://goo.gl/fbAQLP

exports[`FilterChip renders correctly 1`] = `
<div
  data-cy="filter-chip"
  style={
    Object {
      "alignItems": "center",
      "backgroundColor": "#303641",
      "borderRadius": "0.2rem",
      "color": "#fff",
      "display": "flex",
      "margin": "0 0.5rem",
      "padding": "0 0.5rem",
    }
  }
>
  <small>
    Weather
  </small>
  <button
    className="button__El-sc-1ets8ks-0 kimGMC button__Button-sc-1ets8ks-1 blDYcX"
    data-cy="remove-filter"
    disabled={false}
    id="close-icon"
    onClick={[Function]}
    radius={null}
    size="small"
    style={
      Object {
        "marginLeft": "0.5rem",
      }
    }
    title="remove filter"
    type="button"
  >
    <span>
      close icon
    </span>
  </button>
</div>
`;
