// Jest Snapshot v1, https://goo.gl/fbAQLP

exports[`Footer renders correctly 1`] = `
<footer
  className="footer__PageFooter-sc-p4lrvs-0 jBYVWu"
  data-cy="page-footer"
>
  <div
    className="footer__PageFooterInner-sc-p4lrvs-1 fUdCIJ"
  >
    <div>
      <div
        className="footer___StyledDiv-sc-p4lrvs-4 ekVWhJ"
        data-cy="footer-title"
      >
        NASA | CASEI
      </div>
      <p
        data-cy="footer-subtitle"
      >
        CASEI is a comprehensive inventory of holistic contextual
            information for NASA's Earth Science airborne and field campaigns,
            including details on instruments, aircraft and other platforms, and
            access to data products.
      </p>
    </div>
    <div
      data-cy="footer-explore"
    >
      <p
        className="footer__Headline-sc-p4lrvs-3 dBIvOQ"
      >
        Explore
      </p>
      <ul
        className="footer__FooterSectionNavList-sc-p4lrvs-2 gbHWDh"
      >
        <li>
          <a
            data-cy="footer-campaigns-link"
            href="/explore/campaigns"
          >
            Campaigns
          </a>
        </li>
        <li>
          <a
            data-cy="footer-platforms-link"
            href="/explore/platforms"
          >
            Platforms
          </a>
        </li>
        <li>
          <a
            data-cy="footer-instruments-link"
            href="/explore/instruments"
          >
            Instruments
          </a>
        </li>
        <li
          className="footer___StyledLi-sc-p4lrvs-5 kEYdDv"
        >
          <a
            data-cy="footer-coming-soon-link"
            href="/explore/upcoming"
          >
            Coming Soon
          </a>
        </li>
      </ul>
    </div>
    <div>
      <p
        className="footer__Headline-sc-p4lrvs-3 dBIvOQ"
      >
        Resources
      </p>
      <ul
        className="footer__FooterSectionNavList-sc-p4lrvs-2 gbHWDh"
      >
        <li>
          <a
            href="/glossary/"
          >
            Glossary
          </a>
        </li>
      </ul>
    </div>
    <div
      data-cy="footer-quick-links"
    >
      <p
        className="footer__Headline-sc-p4lrvs-3 dBIvOQ"
      >
        Quick Links
      </p>
      <ul
        className="footer__FooterSectionNavList-sc-p4lrvs-2 gbHWDh"
      >
        <li>
          <a
            href="/about/"
          >
            About
          </a>
        </li>
        <li>
          <a
            href="/contact/"
          >
            Contact us
          </a>
        </li>
        <li>
          <a
            className="sc-aXZVg egnkfv"
            data-cy="api documentation-link"
            href="https://nasa-impact.github.io/admg-backend/documentation/api_doc.html"
            rel="noopener noreferrer"
            target="_blank"
          >
            <svg
              height="16"
              role="img"
              version="1.1"
              viewBox="0 0 16 16"
              width="16"
              xmlns="http://www.w3.org/2000/svg"
            >
              <title>
                External Link
              </title>
              <rect
                fill="none"
                height="16"
                width="16"
              />
              <path
                d="M3,5h4V3H1v12h12V9h-2v4H3V5z M16,8V0L8,0v2h4.587L6.294,8.294l1.413,1.413L14,3.413V8H16z"
                fill="#aac9ff"
              />
            </svg>
            <span
              className="external-link___StyledSpan-sc-3ezy1s-0 LrNqW"
            >
              API Documentation
            </span>
          </a>
        </li>
      </ul>
    </div>
    <div
      data-cy="footer-organizations"
    >
      <p
        className="footer__Headline-sc-p4lrvs-3 dBIvOQ"
      >
        Organizations
      </p>
      <ul
        className="footer__FooterSectionNavList-sc-p4lrvs-2 gbHWDh"
      >
        <li>
          <a
            className="sc-aXZVg egnkfv"
            data-cy="admg-website-link"
            href="https://earthdata.nasa.gov/esds/impact/admg"
            rel="noopener noreferrer"
            target="_blank"
          >
            <svg
              height="16"
              role="img"
              version="1.1"
              viewBox="0 0 16 16"
              width="16"
              xmlns="http://www.w3.org/2000/svg"
            >
              <title>
                External Link
              </title>
              <rect
                fill="none"
                height="16"
                width="16"
              />
              <path
                d="M3,5h4V3H1v12h12V9h-2v4H3V5z M16,8V0L8,0v2h4.587L6.294,8.294l1.413,1.413L14,3.413V8H16z"
                fill="#aac9ff"
              />
            </svg>
            <span
              className="external-link___StyledSpan-sc-3ezy1s-0 LrNqW"
            >
              ADMG Website
            </span>
          </a>
        </li>
        <li>
          <a
            className="sc-aXZVg egnkfv"
            data-cy="impact-website-link"
            href="https://earthdata.nasa.gov/esds/impact"
            rel="noopener noreferrer"
            target="_blank"
          >
            <svg
              height="16"
              role="img"
              version="1.1"
              viewBox="0 0 16 16"
              width="16"
              xmlns="http://www.w3.org/2000/svg"
            >
              <title>
                External Link
              </title>
              <rect
                fill="none"
                height="16"
                width="16"
              />
              <path
                d="M3,5h4V3H1v12h12V9h-2v4H3V5z M16,8V0L8,0v2h4.587L6.294,8.294l1.413,1.413L14,3.413V8H16z"
                fill="#aac9ff"
              />
            </svg>
            <span
              className="external-link___StyledSpan-sc-3ezy1s-0 LrNqW"
            >
              IMPACT Website
            </span>
          </a>
        </li>
      </ul>
    </div>
    <hr />
    <div
      className="footer___StyledDiv2-sc-p4lrvs-6 SpDfr"
    >
      <div
        className="footer___StyledDiv3-sc-p4lrvs-7 iIPsgd"
      >
        <a
          aria-label="Visit nasa.gov (opens in a new window)"
          href="https://www.nasa.gov"
          rel="noopener noreferrer"
          target="_blank"
        />
        <div
          data-cy="footer-credits"
        >
          <div
            data-cy="footer-credit-org"
          >
            National Aeronautics and Space Administration
          </div>
          <div
            data-cy="footer-credit-official"
          >
            NASA Official:
             
            <span
              className="footer___StyledSpan-sc-p4lrvs-8 fYwDHI"
            >
              Rahul Ramachandran
            </span>
          </div>
        </div>
      </div>
    </div>
  </div>
  <div
    className="footer___StyledDiv4-sc-p4lrvs-9 iarYxZ"
    data-cy="footer-credit-devseed"
  >
    © 
    2024
    , Built by
     
    <a
      className="sc-aXZVg egnkfv"
      data-cy="devseed-website-link"
      href="https://www.developmentseed.org"
      rel="noopener noreferrer"
      target="_blank"
    >
      <svg
        height="16"
        role="img"
        version="1.1"
        viewBox="0 0 16 16"
        width="16"
        xmlns="http://www.w3.org/2000/svg"
      >
        <title>
          External Link
        </title>
        <rect
          fill="none"
          height="16"
          width="16"
        />
        <path
          d="M3,5h4V3H1v12h12V9h-2v4H3V5z M16,8V0L8,0v2h4.587L6.294,8.294l1.413,1.413L14,3.413V8H16z"
          fill="#aac9ff"
        />
      </svg>
      <span
        className="external-link___StyledSpan-sc-3ezy1s-0 LrNqW"
      >
        Development Seed
      </span>
    </a>
    .
  </div>
</footer>
`;
