// Jest Snapshot v1, https://goo.gl/fbAQLP

exports[`Footer renders correctly 1`] = `
.c10.c10 {
  color: #aac9ff;
}

.c11.c11 {
  padding-left: 0.25rem;
}

.c6.c6 {
  list-style: none;
  margin: 0;
}

.c5.c5 {
  margin: 0 0 1.5rem 0;
  font-weight: bold;
  line-height: 3rem;
}

.c0.c0 {
  margin-top: 5rem;
  background-color: #303641;
}

.c1.c1 {
  margin: 5rem auto;
  max-width: 1280px;
  padding: 2rem 4rem;
  -webkit-flex-shrink: 0;
  -ms-flex-negative: 0;
  flex-shrink: 0;
  display: grid;
  gap: 1rem;
  grid-template-columns: repeat(12,1fr);
}

.c2.c2 {
  grid-column: 1 / span 3;
}

.c3.c3 {
  text-transform: uppercase;
  font-weight: 900;
  font-size: 30px;
  line-height: 2.5rem;
  margin-bottom: 0.5rem;
}

.c4.c4 {
  grid-column: 5 / span 2;
}

.c7.c7 {
  grid-column: 7 / span 2;
}

.c8.c8 {
  grid-column: 9 / span 2;
}

.c9.c9 {
  grid-column: 11 / span 2;
}

.c12.c12 {
  grid-column: 1 / span 12;
  background-color: rgba(255,255,255,0.2);
}

.c13.c13 {
  grid-column: 1 / span 12;
  display: -webkit-box;
  display: -webkit-flex;
  display: -ms-flexbox;
  display: flex;
  -webkit-box-pack: justify;
  -webkit-justify-content: space-between;
  -ms-flex-pack: justify;
  justify-content: space-between;
}

.c14.c14 {
  display: -webkit-box;
  display: -webkit-flex;
  display: -ms-flexbox;
  display: flex;
  -webkit-align-items: center;
  -webkit-box-align: center;
  -ms-flex-align: center;
  align-items: center;
  font-weight: bold;
}

.c15.c15 {
  background-image: url("https://www.nasa.gov/sites/default/files/thumbnails/image/nasa-logo-web-rgb.png");
  background-size: cover;
  background-position: center;
  width: 100px;
  height: 100px;
}

.c16.c16 {
  font-weight: normal;
}

.c17.c17 {
  display: -webkit-box;
  display: -webkit-flex;
  display: -ms-flexbox;
  display: flex;
  -webkit-align-items: center;
  -webkit-box-align: center;
  -ms-flex-align: center;
  align-items: center;
  text-transform: uppercase;
}

.c18.c18 {
  text-align: center;
}

<footer
  className="c0"
  data-cy="page-footer"
>
  <div
    className="c1"
  >
    <div
      className="c2"
    >
      <div
        className="c3"
        data-cy="footer-title"
      >
        NASA | CASEI
      </div>
      <p
        data-cy="footer-subtitle"
      >
        NASA | CASEI
         is a comprehensive inventory containing information about all airborne and field campaigns as well as aircrafts, instruments, and data products.
      </p>
    </div>
    <div
      className="c4"
      data-cy="footer-explore"
    >
      <p
        className="c5"
      >
        Explore
      </p>
      <ul
        className="c6"
      >
        <li>
          <a
            data-cy="footer-campaigns-link"
            href="/explore/campaigns"
          >
            Campaigns
          </a>
        </li>
        <li>
          <a
            data-cy="footer-platforms-link"
            href="/explore/platforms"
          >
            Platforms
          </a>
        </li>
        <li>
          <a
            data-cy="footer-instruments-link"
            href="/explore/instruments"
          >
            Instruments
          </a>
        </li>
      </ul>
    </div>
    <div
      className="c7"
      data-cy="footer-resources"
    >
      <p
        className="c5"
      >
        Resources
      </p>
      <ul
        className="c6"
      >
        <li>
          <a
            href="/glossary/"
          >
            Glossary
          </a>
        </li>
      </ul>
    </div>
    <div
      className="c8"
      data-cy="footer-quick-links"
    >
      <p
        className="c5"
      >
        Quick Links
      </p>
      <ul
        className="c6"
      >
        <li>
          <a
            href="/about/"
          >
            About
          </a>
        </li>
        <li>
          <a
            href="/contact/"
          >
            Contact us
          </a>
        </li>
      </ul>
    </div>
    <div
      className="c9"
      data-cy="footer-organizations"
    >
      <p
        className="c5"
      >
        Organizations
      </p>
      <ul
        className="c6"
      >
        <li>
          <a
            className="c10"
            data-cy="admg-website-link"
            href="https://earthdata.nasa.gov/esds/impact/admg"
            rel="noopener noreferrer"
            target="_blank"
          >
            <svg
              height="16"
              role="img"
              version="1.1"
              viewBox="0 0 16 16"
              width="16"
              xmlns="http://www.w3.org/2000/svg"
            >
              <title>
                External Link
              </title>
              <rect
                fill="none"
                height="16"
                width="16"
              />
              <path
                d="M3,5h4V3H1v12h12V9h-2v4H3V5z M16,8V0L8,0v2h4.587L6.294,8.294l1.413,1.413L14,3.413V8H16z"
                fill="#aac9ff"
              />
            </svg>
            <span
              className="c11"
            >
              ADMG Website
            </span>
          </a>
        </li>
        <li>
          <a
            className="c10"
            data-cy="impact-website-link"
            href="https://earthdata.nasa.gov/esds/impact"
            rel="noopener noreferrer"
            target="_blank"
          >
            <svg
              height="16"
              role="img"
              version="1.1"
              viewBox="0 0 16 16"
              width="16"
              xmlns="http://www.w3.org/2000/svg"
            >
              <title>
                External Link
              </title>
              <rect
                fill="none"
                height="16"
                width="16"
              />
              <path
                d="M3,5h4V3H1v12h12V9h-2v4H3V5z M16,8V0L8,0v2h4.587L6.294,8.294l1.413,1.413L14,3.413V8H16z"
                fill="#aac9ff"
              />
            </svg>
            <span
              className="c11"
            >
              Impact Website
            </span>
          </a>
        </li>
      </ul>
    </div>
    <hr
      className="c12"
    />
    <div
      className="c13"
    >
      <div
        className="c14"
      >
        <div
          aria-hidden="true"
          className="c15"
        />
        <div
          data-cy="footer-credits"
        >
          <div
            data-cy="footer-credit-org"
          >
            National Aeronautics and Space Administration
          </div>
          <div
            data-cy="footer-credit-official"
          >
            NASA Official:
             
            <span
              className="c16"
            >
              Rahul Ramachandran
            </span>
          </div>
        </div>
      </div>
      <div
        className="c17"
      />
    </div>
  </div>
  <div
    className="c18"
    data-cy="footer-credit-devseed"
  >
    © 
    2021
    , Built by
     
    <a
      className="c10"
      data-cy="devseed-website-link"
      href="https://www.developmentseed.org"
      rel="noopener noreferrer"
      target="_blank"
    >
      <svg
        height="16"
        role="img"
        version="1.1"
        viewBox="0 0 16 16"
        width="16"
        xmlns="http://www.w3.org/2000/svg"
      >
        <title>
          External Link
        </title>
        <rect
          fill="none"
          height="16"
          width="16"
        />
        <path
          d="M3,5h4V3H1v12h12V9h-2v4H3V5z M16,8V0L8,0v2h4.587L6.294,8.294l1.413,1.413L14,3.413V8H16z"
          fill="#aac9ff"
        />
      </svg>
      <span
        className="c11"
      >
        Development Seed
      </span>
    </a>
    .
  </div>
</footer>
`;
