// Jest Snapshot v1, https://goo.gl/fbAQLP

exports[`Header renders correctly 1`] = `
<header
  style={
    Object {
      "marginBottom": "1.45rem",
    }
  }
>
  <div
    style={
      Object {
        "alignItems": "baseline",
        "display": "flex",
        "justifyContent": "space-between",
        "margin": "0 auto",
        "maxWidth": 960,
        "padding": "1.45rem 1.0875rem",
      }
    }
  >
    <div
      style={
        Object {
          "fontFamily": "'Varela Round',sans-serif",
          "fontSize": "2rem",
          "margin": 0,
        }
      }
    >
      <a
        href="/"
        style={
          Object {
            "textDecoration": "none",
          }
        }
      >
        Site title from props
      </a>
    </div>
  </div>
</header>
`;
