// Jest Snapshot v1, https://goo.gl/fbAQLP

exports[`Header renders correctly 1`] = `
<header>
  <div
    style={
      Object {
        "alignItems": "center",
        "display": "flex",
        "justifyContent": "space-between",
        "margin": "0 auto",
        "maxWidth": "1280px",
        "padding": "2rem 5rem",
      }
    }
  >
    <div
      style={
        Object {
          "margin": 0,
          "zIndex": 100,
        }
      }
    >
      <a
        href="/"
        style={
          Object {
            "alignItems": "center",
            "columnGap": "1rem",
            "display": "grid",
            "gridTemplateColumns": "3rem auto",
            "textDecoration": "none",
          }
        }
      >
        <img />
        <div
          style={
            Object {
              "fontSize": "1.5rem",
            }
          }
        >
          Shortname from props
        </div>
      </a>
    </div>
    <div
      style={
        Object {
          "display": "flex",
        }
      }
    />
  </div>
</header>
`;
